[    27.617] _XSERVTransSocketUNIXCreateListener: ...SocketCreateListener() failed
[    27.617] _XSERVTransMakeAllCOTSServerListeners: server already running
[    27.617] (--) Log file renamed from "/home/jcsm/.local/share/xorg/Xorg.pid-1205.log" to "/home/jcsm/.local/share/xorg/Xorg.1.log"
[    27.618] 
X.Org X Server 1.21.1.11
X Protocol Version 11, Revision 0
[    27.618] Current Operating System: Linux jcsm 6.8.11-amd64 #1 SMP PREEMPT_DYNAMIC Kali 6.8.11-1kali2 (2024-05-30) x86_64
[    27.637] Kernel command line: BOOT_IMAGE=/boot/vmlinuz-6.8.11-amd64 root=UUID=703b1d47-9554-47cb-890c-533811541324 ro quiet splash
[    27.637] xorg-server 2:21.1.12-1 (https://www.debian.org/support) 
[    27.637] Current version of pixman: 0.42.2
[    27.637] 	Before reporting problems, check http://wiki.x.org
	to make sure that you have the latest version.
[    27.637] Markers: (--) probed, (**) from config file, (==) default setting,
	(++) from command line, (!!) notice, (II) informational,
	(WW) warning, (EE) error, (NI) not implemented, (??) unknown.
[    27.637] (==) Log file: "/home/jcsm/.local/share/xorg/Xorg.1.log", Time: Wed Oct 22 18:26:12 2025
[    27.637] (==) Using system config directory "/usr/share/X11/xorg.conf.d"
[    27.637] (==) No Layout section.  Using the first Screen section.
[    27.637] (==) No screen section available. Using defaults.
[    27.637] (**) |-->Screen "Default Screen Section" (0)
[    27.637] (**) |   |-->Monitor "<default monitor>"
[    27.637] (==) No monitor specified for screen "Default Screen Section".
	Using a default monitor configuration.
[    27.637] (**) Allowing byte-swapped clients
[    27.637] (==) Automatically adding devices
[    27.637] (==) Automatically enabling devices
[    27.637] (==) Automatically adding GPU devices
[    27.638] (==) Automatically binding GPU devices
[    27.638] (==) Max clients allowed: 256, resource mask: 0x1fffff
[    27.638] (WW) The directory "/usr/share/fonts/X11/cyrillic" does not exist.
[    27.638] 	Entry deleted from font path.
[    27.638] (==) FontPath set to:
	/usr/share/fonts/X11/misc,
	/usr/share/fonts/X11/100dpi/:unscaled,
	/usr/share/fonts/X11/75dpi/:unscaled,
	/usr/share/fonts/X11/Type1,
	/usr/share/fonts/X11/100dpi,
	/usr/share/fonts/X11/75dpi,
	built-ins
[    27.638] (==) ModulePath set to "/usr/lib/xorg/modules"
[    27.638] (II) The server relies on udev to provide the list of input devices.
	If no devices become available, reconfigure udev or disable AutoAddDevices.
[    27.638] (II) Loader magic: 0x563a39d37f00
[    27.638] (II) Module ABI versions:
[    27.638] 	X.Org ANSI C Emulation: 0.4
[    27.638] 	X.Org Video Driver: 25.2
[    27.638] 	X.Org XInput driver : 24.4
[    27.638] 	X.Org Server Extension : 10.0
[    27.652] (++) using VT number 2

[    27.662] (II) systemd-logind: took control of session /org/freedesktop/login1/session/_32
[    27.677] (II) xfree86: Adding drm device (/dev/dri/card0)
[    27.677] (II) Platform probe for /sys/devices/pci0000:00/0000:00:02.0/drm/card0
[    27.684] (II) systemd-logind: got fd for /dev/dri/card0 226:0 fd 15 paused 0
[    27.687] (--) PCI:*(0@0:2:0) 15ad:0405:15ad:0405 rev 0, Mem @ 0xe0000000/16777216, 0xf0000000/2097152, I/O @ 0x0000d010/16, BIOS @ 0x????????/131072
[    27.687] (II) LoadModule: "glx"
[    27.687] (II) Loading /usr/lib/xorg/modules/extensions/libglx.so
[    27.712] (II) Module glx: vendor="X.Org Foundation"
[    27.712] 	compiled for 1.21.1.11, module version = 1.0.0
[    27.712] 	ABI class: X.Org Server Extension, version 10.0
[    27.712] (==) Matched vmware as autoconfigured driver 0
[    27.712] (==) Matched modesetting as autoconfigured driver 1
[    27.713] (==) Matched fbdev as autoconfigured driver 2
[    27.713] (==) Matched vesa as autoconfigured driver 3
[    27.713] (==) Assigned the driver to the xf86ConfigLayout
[    27.713] (II) LoadModule: "vmware"
[    27.713] (II) Loading /usr/lib/xorg/modules/drivers/vmware_drv.so
[    27.760] (II) Module vmware: vendor="X.Org Foundation"
[    27.760] 	compiled for 1.21.1.9, module version = 13.4.0
[    27.760] 	Module class: X.Org Video Driver
[    27.760] 	ABI class: X.Org Video Driver, version 25.2
[    27.760] (II) LoadModule: "modesetting"
[    27.760] (II) Loading /usr/lib/xorg/modules/drivers/modesetting_drv.so
[    27.760] (II) Module modesetting: vendor="X.Org Foundation"
[    27.760] 	compiled for 1.21.1.11, module version = 1.21.1
[    27.760] 	Module class: X.Org Video Driver
[    27.760] 	ABI class: X.Org Video Driver, version 25.2
[    27.760] (II) LoadModule: "fbdev"
[    27.761] (II) Loading /usr/lib/xorg/modules/drivers/fbdev_drv.so
[    27.761] (II) Module fbdev: vendor="X.Org Foundation"
[    27.761] 	compiled for 1.21.1.3, module version = 0.5.0
[    27.761] 	Module class: X.Org Video Driver
[    27.761] 	ABI class: X.Org Video Driver, version 25.2
[    27.761] (II) LoadModule: "vesa"
[    27.761] (II) Loading /usr/lib/xorg/modules/drivers/vesa_drv.so
[    27.761] (II) Module vesa: vendor="X.Org Foundation"
[    27.761] 	compiled for 1.21.1.9, module version = 2.6.0
[    27.761] 	Module class: X.Org Video Driver
[    27.761] 	ABI class: X.Org Video Driver, version 25.2
[    27.761] (II) vmware: driver for VMware SVGA: vmware0405, vmware0710
[    27.761] (II) modesetting: Driver for Modesetting Kernel Drivers: kms
[    27.761] (II) FBDEV: driver for framebuffer: fbdev
[    27.761] (II) VESA: driver for VESA chipsets: vesa
[    27.763] xf86EnableIO: failed to enable I/O ports 0000-03ff (Operation not permitted)
[    27.763] (WW) Falling back to old probe method for modesetting
[    27.763] (WW) Falling back to old probe method for fbdev
[    27.763] (II) Loading sub module "fbdevhw"
[    27.763] (II) LoadModule: "fbdevhw"
[    27.763] (II) Loading /usr/lib/xorg/modules/libfbdevhw.so
[    27.764] (II) Module fbdevhw: vendor="X.Org Foundation"
[    27.764] 	compiled for 1.21.1.11, module version = 0.0.2
[    27.764] 	ABI class: X.Org Video Driver, version 25.2
[    27.765] (WW) VGA arbiter: cannot open kernel arbiter, no multi-card support
[    27.765] (II) vmware(0): Creating default Display subsection in Screen section
	"Default Screen Section" for depth/fbbpp 24/32
[    27.765] (--) vmware(0): DRM driver version is 2.20.0
[    27.765] (==) vmware(0): Depth 24, (--) framebuffer bpp 32
[    27.766] (==) vmware(0): RGB weight 888
[    27.766] (==) vmware(0): Default visual is TrueColor
[    27.766] (--) vmware(0): Min width 1, Max Width 8192.
[    27.766] (--) vmware(0): Min height 1, Max Height 8192.
[    27.766] (II) vmware(0): Output Virtual1 has no monitor section
[    27.766] (II) vmware(0): Output Virtual2 has no monitor section
[    27.767] (II) vmware(0): Output Virtual3 has no monitor section
[    27.767] (II) vmware(0): Output Virtual4 has no monitor section
[    27.767] (II) vmware(0): Output Virtual5 has no monitor section
[    27.767] (II) vmware(0): Output Virtual6 has no monitor section
[    27.767] (II) vmware(0): Output Virtual7 has no monitor section
[    27.767] (II) vmware(0): Output Virtual8 has no monitor section
[    27.767] (II) vmware(0): Printing probed modes for output Virtual1
[    27.767] (II) vmware(0): Modeline "1280x800"x60.0   81.51  1280 1330 1380 1430  800 850 900 950 -hsync +vsync (57.0 kHz eP)
[    27.767] (II) vmware(0): Modeline "2560x1600"x60.0  348.50  2560 2752 3032 3504  1600 1603 1609 1658 -hsync +vsync (99.5 kHz e)
[    27.767] (II) vmware(0): Modeline "2560x1440"x60.0  241.50  2560 2608 2640 2720  1440 1443 1448 1481 +hsync -vsync (88.8 kHz e)
[    27.767] (II) vmware(0): Modeline "1920x1440"x60.0  234.00  1920 2048 2256 2600  1440 1441 1444 1500 -hsync +vsync (90.0 kHz e)
[    27.767] (II) vmware(0): Modeline "1856x1392"x60.0  218.25  1856 1952 2176 2528  1392 1393 1396 1439 -hsync +vsync (86.3 kHz e)
[    27.767] (II) vmware(0): Modeline "1792x1344"x60.0  204.75  1792 1920 2120 2448  1344 1345 1348 1394 -hsync +vsync (83.6 kHz e)
[    27.767] (II) vmware(0): Modeline "1920x1200"x59.9  193.25  1920 2056 2256 2592  1200 1203 1209 1245 -hsync +vsync (74.6 kHz e)
[    27.767] (II) vmware(0): Modeline "1920x1080"x60.0  173.00  1920 2048 2248 2576  1080 1083 1088 1120 -hsync +vsync (67.2 kHz e)
[    27.767] (II) vmware(0): Modeline "1600x1200"x60.0  162.00  1600 1664 1856 2160  1200 1201 1204 1250 +hsync +vsync (75.0 kHz e)
[    27.767] (II) vmware(0): Modeline "1680x1050"x60.0  146.25  1680 1784 1960 2240  1050 1053 1059 1089 -hsync +vsync (65.3 kHz e)
[    27.767] (II) vmware(0): Modeline "1400x1050"x60.0  121.75  1400 1488 1632 1864  1050 1053 1057 1089 -hsync +vsync (65.3 kHz e)
[    27.767] (II) vmware(0): Modeline "1280x1024"x60.0  108.00  1280 1328 1440 1688  1024 1025 1028 1066 +hsync +vsync (64.0 kHz e)
[    27.767] (II) vmware(0): Modeline "1440x900"x59.9  106.50  1440 1520 1672 1904  900 903 909 934 -hsync +vsync (55.9 kHz e)
[    27.767] (II) vmware(0): Modeline "1280x960"x60.0  108.00  1280 1376 1488 1800  960 961 964 1000 +hsync +vsync (60.0 kHz e)
[    27.767] (II) vmware(0): Modeline "1360x768"x60.0   85.50  1360 1424 1536 1792  768 771 777 795 +hsync +vsync (47.7 kHz e)
[    27.767] (II) vmware(0): Modeline "1280x800"x59.8   83.50  1280 1352 1480 1680  800 803 809 831 +hsync -vsync (49.7 kHz e)
[    27.767] (II) vmware(0): Modeline "1152x864"x75.0  108.00  1152 1216 1344 1600  864 865 868 900 +hsync +vsync (67.5 kHz e)
[    27.767] (II) vmware(0): Modeline "1280x768"x59.9   79.50  1280 1344 1472 1664  768 771 778 798 -hsync +vsync (47.8 kHz e)
[    27.767] (II) vmware(0): Modeline "1280x720"x59.9   74.50  1280 1344 1472 1664  720 723 728 748 -hsync +vsync (44.8 kHz e)
[    27.767] (II) vmware(0): Modeline "1024x768"x60.0   65.00  1024 1048 1184 1344  768 771 777 806 -hsync -vsync (48.4 kHz e)
[    27.767] (II) vmware(0): Modeline "800x600"x60.3   40.00  800 840 968 1056  600 601 605 628 +hsync +vsync (37.9 kHz e)
[    27.767] (II) vmware(0): Modeline "640x480"x59.9   25.18  640 656 752 800  480 489 492 525 -hsync -vsync (31.5 kHz e)
[    27.767] (II) vmware(0): EDID for output Virtual2
[    27.767] (II) vmware(0): EDID for output Virtual3
[    27.767] (II) vmware(0): EDID for output Virtual4
[    27.767] (II) vmware(0): EDID for output Virtual5
[    27.767] (II) vmware(0): EDID for output Virtual6
[    27.767] (II) vmware(0): EDID for output Virtual7
[    27.767] (II) vmware(0): EDID for output Virtual8
[    27.767] (II) vmware(0): Output Virtual1 connected
[    27.767] (II) vmware(0): Output Virtual2 disconnected
[    27.767] (II) vmware(0): Output Virtual3 disconnected
[    27.767] (II) vmware(0): Output Virtual4 disconnected
[    27.767] (II) vmware(0): Output Virtual5 disconnected
[    27.767] (II) vmware(0): Output Virtual6 disconnected
[    27.767] (II) vmware(0): Output Virtual7 disconnected
[    27.767] (II) vmware(0): Output Virtual8 disconnected
[    27.767] (II) vmware(0): Using exact sizes for initial modes
[    27.767] (II) vmware(0): Output Virtual1 using initial mode 1280x800 +0+0
[    27.767] (==) vmware(0): DPI set to (96, 96)
[    27.767] (==) vmware(0): Using gamma correction (1.0, 1.0, 1.0)
[    27.767] (II) Loading sub module "fb"
[    27.767] (II) LoadModule: "fb"
[    27.767] (II) Module "fb" already built-in
[    27.767] (II) Loading sub module "dri2"
[    27.767] (II) LoadModule: "dri2"
[    27.767] (II) Module "dri2" already built-in
[    27.767] (II) Loading sub module "dri3"
[    27.767] (II) LoadModule: "dri3"
[    27.767] (II) Module "dri3" already built-in
[    27.767] (II) UnloadModule: "modesetting"
[    27.767] (II) Unloading modesetting
[    27.767] (II) UnloadModule: "fbdev"
[    27.767] (II) Unloading fbdev
[    27.767] (II) UnloadSubModule: "fbdevhw"
[    27.767] (II) Unloading fbdevhw
[    27.767] (II) UnloadModule: "vesa"
[    27.767] (II) Unloading vesa
[    27.772] (II) vmware(0): Initialized VMWARE_CTRL extension version 0.2
[    27.775] (WW) vmware(0): Failed to initialize Gallium3D Xa. No render acceleration available.
[    27.775] (WW) vmware(0): Skipped initialization of direct rendering due to lack of render acceleration.
[    27.775] (--) vmware(0): Render acceleration is disabled.
[    27.775] (==) vmware(0): Rendercheck mode is disabled.
[    27.775] (--) vmware(0): Direct rendering (DRI2 3D) is disabled.
[    27.775] (--) vmware(0): Direct rendering (DRI3 3D) is disabled.
[    27.775] (==) vmware(0): Backing store enabled
[    27.775] (==) vmware(0): Silken mouse enabled
[    27.775] (==) vmware(0): DPMS enabled
[    27.775] (II) vmware(0): No 3D acceleration. Not setting up textured video.
[    27.775] (WW) vmware(0): Disabling Xv because no adaptors could be initialized.
[    27.775] (II) Initializing extension Generic Event Extension
[    27.775] (II) Initializing extension SHAPE
[    27.776] (II) Initializing extension MIT-SHM
[    27.781] (II) Initializing extension XInputExtension
[    27.781] (II) Initializing extension XTEST
[    27.782] (II) Initializing extension BIG-REQUESTS
[    27.782] (II) Initializing extension SYNC
[    27.783] (II) Initializing extension XKEYBOARD
[    27.783] (II) Initializing extension XC-MISC
[    27.783] (II) Initializing extension SECURITY
[    27.783] (II) Initializing extension XFIXES
[    27.783] (II) Initializing extension RENDER
[    27.785] (II) Initializing extension RANDR
[    27.786] (II) Initializing extension COMPOSITE
[    27.787] (II) Initializing extension DAMAGE
[    27.788] (II) Initializing extension MIT-SCREEN-SAVER
[    27.788] (II) Initializing extension DOUBLE-BUFFER
[    27.789] (II) Initializing extension RECORD
[    27.789] (II) Initializing extension DPMS
[    27.789] (II) Initializing extension Present
[    27.789] (II) Initializing extension DRI3
[    27.789] (II) Initializing extension X-Resource
[    27.789] (II) Initializing extension XVideo
[    27.790] (II) Initializing extension XVideo-MotionCompensation
[    27.790] (II) Initializing extension SELinux
[    27.790] (II) SELinux: Disabled on system
[    27.790] (II) Initializing extension GLX
[    27.790] (II) AIGLX: Screen 0 is not DRI2 capable
[    27.815] (II) IGLX: Loaded and initialized swrast
[    27.815] (II) GLX: Initialized DRISWRAST GL provider for screen 0
[    27.815] (II) Initializing extension XFree86-VidModeExtension
[    27.815] (II) Initializing extension XFree86-DGA
[    27.816] (II) Initializing extension XFree86-DRI
[    27.816] (II) Initializing extension DRI2
[    27.824] (II) vmware(0): Setting screen physical size to 338 x 211
[    27.957] (II) config/udev: Adding input device Power Button (/dev/input/event1)
[    27.957] (**) Power Button: Applying InputClass "libinput keyboard catchall"
[    27.957] (II) LoadModule: "libinput"
[    27.958] (II) Loading /usr/lib/xorg/modules/input/libinput_drv.so
[    27.960] (II) Module libinput: vendor="X.Org Foundation"
[    27.960] 	compiled for 1.21.1.11, module version = 1.4.0
[    27.961] 	Module class: X.Org XInput Driver
[    27.961] 	ABI class: X.Org XInput driver, version 24.4
[    27.961] (II) Using input driver 'libinput' for 'Power Button'
[    27.963] (II) systemd-logind: got fd for /dev/input/event1 13:65 fd 23 paused 0
[    27.963] (**) Power Button: always reports core events
[    27.963] (**) Option "Device" "/dev/input/event1"
[    27.982] (II) event1  - Power Button: is tagged by udev as: Keyboard
[    27.982] (II) event1  - Power Button: device is a keyboard
[    27.982] (II) event1  - Power Button: device removed
[    27.982] (**) Option "config_info" "udev:/sys/devices/LNXSYSTM:00/LNXPWRBN:00/input/input2/event1"
[    27.982] (II) XINPUT: Adding extended input device "Power Button" (type: KEYBOARD, id 6)
[    27.982] (**) Option "xkb_model" "pc105"
[    27.982] (**) Option "xkb_layout" "es"
[    28.043] (II) event1  - Power Button: is tagged by udev as: Keyboard
[    28.043] (II) event1  - Power Button: device is a keyboard
[    28.044] (II) config/udev: Adding input device Sleep Button (/dev/input/event2)
[    28.044] (**) Sleep Button: Applying InputClass "libinput keyboard catchall"
[    28.044] (II) Using input driver 'libinput' for 'Sleep Button'
[    28.049] (II) systemd-logind: got fd for /dev/input/event2 13:66 fd 26 paused 0
[    28.049] (**) Sleep Button: always reports core events
[    28.049] (**) Option "Device" "/dev/input/event2"
[    28.050] (II) event2  - Sleep Button: is tagged by udev as: Keyboard
[    28.050] (II) event2  - Sleep Button: device is a keyboard
[    28.050] (II) event2  - Sleep Button: device removed
[    28.050] (**) Option "config_info" "udev:/sys/devices/LNXSYSTM:00/LNXSLPBN:00/input/input3/event2"
[    28.050] (II) XINPUT: Adding extended input device "Sleep Button" (type: KEYBOARD, id 7)
[    28.050] (**) Option "xkb_model" "pc105"
[    28.050] (**) Option "xkb_layout" "es"
[    28.052] (II) event2  - Sleep Button: is tagged by udev as: Keyboard
[    28.052] (II) event2  - Sleep Button: device is a keyboard
[    28.066] (II) config/udev: Adding input device Video Bus (/dev/input/event3)
[    28.066] (**) Video Bus: Applying InputClass "libinput keyboard catchall"
[    28.066] (II) Using input driver 'libinput' for 'Video Bus'
[    28.073] (II) systemd-logind: got fd for /dev/input/event3 13:67 fd 27 paused 0
[    28.073] (**) Video Bus: always reports core events
[    28.073] (**) Option "Device" "/dev/input/event3"
[    28.074] (II) event3  - Video Bus: is tagged by udev as: Keyboard
[    28.074] (II) event3  - Video Bus: device is a keyboard
[    28.074] (II) event3  - Video Bus: device removed
[    28.074] (**) Option "config_info" "udev:/sys/devices/LNXSYSTM:00/LNXSYBUS:00/PNP0A03:00/LNXVIDEO:00/input/input4/event3"
[    28.074] (II) XINPUT: Adding extended input device "Video Bus" (type: KEYBOARD, id 8)
[    28.074] (**) Option "xkb_model" "pc105"
[    28.074] (**) Option "xkb_layout" "es"
[    28.081] (II) event3  - Video Bus: is tagged by udev as: Keyboard
[    28.081] (II) event3  - Video Bus: device is a keyboard
[    28.082] (II) config/udev: Adding input device VirtualBox mouse integration (/dev/input/event7)
[    28.082] (**) VirtualBox mouse integration: Applying InputClass "libinput pointer catchall"
[    28.082] (II) Using input driver 'libinput' for 'VirtualBox mouse integration'
[    28.092] (II) systemd-logind: got fd for /dev/input/event7 13:71 fd 28 paused 0
[    28.092] (**) VirtualBox mouse integration: always reports core events
[    28.092] (**) Option "Device" "/dev/input/event7"
[    28.093] (II) event7  - VirtualBox mouse integration: is tagged by udev as: Mouse
[    28.094] (II) event7  - VirtualBox mouse integration: device is a pointer
[    28.094] (II) event7  - VirtualBox mouse integration: device removed
[    28.094] (**) Option "config_info" "udev:/sys/devices/pci0000:00/0000:00:04.0/input/input8/event7"
[    28.094] (II) XINPUT: Adding extended input device "VirtualBox mouse integration" (type: MOUSE, id 9)
[    28.094] (**) Option "AccelerationScheme" "none"
[    28.094] (**) VirtualBox mouse integration: (accel) selected scheme none/0
[    28.094] (**) VirtualBox mouse integration: (accel) acceleration factor: 2.000
[    28.094] (**) VirtualBox mouse integration: (accel) acceleration threshold: 4
[    28.095] (II) event7  - VirtualBox mouse integration: is tagged by udev as: Mouse
[    28.095] (II) event7  - VirtualBox mouse integration: device is a pointer
[    28.106] (II) config/udev: Adding input device VirtualBox mouse integration (/dev/input/js1)
[    28.107] (II) No input driver specified, ignoring this device.
[    28.107] (II) This device may have been added with another device file.
[    28.107] (II) config/udev: Adding input device VirtualBox mouse integration (/dev/input/mouse2)
[    28.107] (II) No input driver specified, ignoring this device.
[    28.107] (II) This device may have been added with another device file.
[    28.115] (II) config/udev: Adding input device VirtualBox USB Tablet (/dev/input/event5)
[    28.115] (**) VirtualBox USB Tablet: Applying InputClass "libinput pointer catchall"
[    28.115] (II) Using input driver 'libinput' for 'VirtualBox USB Tablet'
[    28.124] (II) systemd-logind: got fd for /dev/input/event5 13:69 fd 29 paused 0
[    28.124] (**) VirtualBox USB Tablet: always reports core events
[    28.124] (**) Option "Device" "/dev/input/event5"
[    28.126] (II) event5  - VirtualBox USB Tablet: is tagged by udev as: Mouse
[    28.126] (II) event5  - VirtualBox USB Tablet: device is a pointer
[    28.127] (II) event5  - VirtualBox USB Tablet: device removed
[    28.127] (**) Option "config_info" "udev:/sys/devices/pci0000:00/0000:00:06.0/usb2/2-1/2-1:1.0/0003:80EE:0021.0001/input/input6/event5"
[    28.127] (II) XINPUT: Adding extended input device "VirtualBox USB Tablet" (type: MOUSE, id 10)
[    28.127] (**) Option "AccelerationScheme" "none"
[    28.127] (**) VirtualBox USB Tablet: (accel) selected scheme none/0
[    28.127] (**) VirtualBox USB Tablet: (accel) acceleration factor: 2.000
[    28.127] (**) VirtualBox USB Tablet: (accel) acceleration threshold: 4
[    28.134] (II) event5  - VirtualBox USB Tablet: is tagged by udev as: Mouse
[    28.134] (II) event5  - VirtualBox USB Tablet: device is a pointer
[    28.140] (II) config/udev: Adding input device VirtualBox USB Tablet (/dev/input/js0)
[    28.140] (II) No input driver specified, ignoring this device.
[    28.140] (II) This device may have been added with another device file.
[    28.140] (II) config/udev: Adding input device VirtualBox USB Tablet (/dev/input/mouse1)
[    28.140] (II) No input driver specified, ignoring this device.
[    28.141] (II) This device may have been added with another device file.
[    28.141] (II) config/udev: Adding input device AT Translated Set 2 keyboard (/dev/input/event0)
[    28.141] (**) AT Translated Set 2 keyboard: Applying InputClass "libinput keyboard catchall"
[    28.141] (II) Using input driver 'libinput' for 'AT Translated Set 2 keyboard'
[    28.143] (II) systemd-logind: got fd for /dev/input/event0 13:64 fd 30 paused 0
[    28.143] (**) AT Translated Set 2 keyboard: always reports core events
[    28.143] (**) Option "Device" "/dev/input/event0"
[    28.147] (II) event0  - AT Translated Set 2 keyboard: is tagged by udev as: Keyboard
[    28.147] (II) event0  - AT Translated Set 2 keyboard: device is a keyboard
[    28.149] (II) event0  - AT Translated Set 2 keyboard: device removed
[    28.149] (**) Option "config_info" "udev:/sys/devices/platform/i8042/serio0/input/input0/event0"
[    28.149] (II) XINPUT: Adding extended input device "AT Translated Set 2 keyboard" (type: KEYBOARD, id 11)
[    28.149] (**) Option "xkb_model" "pc105"
[    28.149] (**) Option "xkb_layout" "es"
[    28.150] (II) event0  - AT Translated Set 2 keyboard: is tagged by udev as: Keyboard
[    28.151] (II) event0  - AT Translated Set 2 keyboard: device is a keyboard
[    28.157] (II) config/udev: Adding input device ImExPS/2 Generic Explorer Mouse (/dev/input/event4)
[    28.157] (**) ImExPS/2 Generic Explorer Mouse: Applying InputClass "libinput pointer catchall"
[    28.157] (II) Using input driver 'libinput' for 'ImExPS/2 Generic Explorer Mouse'
[    28.159] (II) systemd-logind: got fd for /dev/input/event4 13:68 fd 31 paused 0
[    28.159] (**) ImExPS/2 Generic Explorer Mouse: always reports core events
[    28.159] (**) Option "Device" "/dev/input/event4"
[    28.163] (II) event4  - ImExPS/2 Generic Explorer Mouse: is tagged by udev as: Mouse
[    28.163] (II) event4  - ImExPS/2 Generic Explorer Mouse: device is a pointer
[    28.163] (II) event4  - ImExPS/2 Generic Explorer Mouse: device removed
[    28.163] (II) libinput: ImExPS/2 Generic Explorer Mouse: Step value 0 was provided, libinput Fallback acceleration function is used.
[    28.163] (II) libinput: ImExPS/2 Generic Explorer Mouse: Step value 0 was provided, libinput Fallback acceleration function is used.
[    28.163] (II) libinput: ImExPS/2 Generic Explorer Mouse: Step value 0 was provided, libinput Fallback acceleration function is used.
[    28.163] (**) Option "config_info" "udev:/sys/devices/platform/i8042/serio1/input/input5/event4"
[    28.163] (II) XINPUT: Adding extended input device "ImExPS/2 Generic Explorer Mouse" (type: MOUSE, id 12)
[    28.163] (**) Option "AccelerationScheme" "none"
[    28.164] (**) ImExPS/2 Generic Explorer Mouse: (accel) selected scheme none/0
[    28.164] (**) ImExPS/2 Generic Explorer Mouse: (accel) acceleration factor: 2.000
[    28.164] (**) ImExPS/2 Generic Explorer Mouse: (accel) acceleration threshold: 4
[    28.167] (II) event4  - ImExPS/2 Generic Explorer Mouse: is tagged by udev as: Mouse
[    28.167] (II) event4  - ImExPS/2 Generic Explorer Mouse: device is a pointer
[    28.172] (II) config/udev: Adding input device ImExPS/2 Generic Explorer Mouse (/dev/input/mouse0)
[    28.172] (II) No input driver specified, ignoring this device.
[    28.172] (II) This device may have been added with another device file.
[    28.173] (II) config/udev: Adding input device PC Speaker (/dev/input/event6)
[    28.173] (II) No input driver specified, ignoring this device.
[    28.173] (II) This device may have been added with another device file.
[   587.286] (EE) No surface to present from.
