2025-10-22 18:46:53.866 [info] Extension host with pid 3882 started
2025-10-22 18:46:53.866 [info] Skipping acquiring lock for /home/jcsm/.config/Code/User/workspaceStorage/8a27671b529976f4ed3610204f27c5ed.
2025-10-22 18:46:55.725 [info] ExtensionService#_doActivateExtension vscode.github-authentication, startup: false, activationEvent: 'onAuthenticationRequest:github'
2025-10-22 18:46:55.874 [info] ExtensionService#_doActivateExtension vscode.emmet, startup: false, activationEvent: 'onLanguage'
2025-10-22 18:46:56.023 [info] ExtensionService#_doActivateExtension vscode.git-base, startup: true, activationEvent: '*'
2025-10-22 18:46:56.426 [info] ExtensionService#_doActivateExtension vscode.github, startup: true, activationEvent: '*'
2025-10-22 18:46:57.137 [info] Eager extensions activated
2025-10-22 18:46:57.485 [info] ExtensionService#_doActivateExtension vscode.debug-auto-launch, startup: false, activationEvent: 'onStartupFinished'
2025-10-22 18:46:57.507 [info] ExtensionService#_doActivateExtension vscode.merge-conflict, startup: false, activationEvent: 'onStartupFinished'
2025-10-22 18:47:06.047 [info] ExtensionService#_doActivateExtension vscode.git, startup: false, activationEvent: 'api', root cause: vscode.github
2025-10-22 18:52:38.114 [info] ExtensionService#_doActivateExtension ms-python.vscode-python-envs, startup: false, activationEvent: 'onLanguage:python'
2025-10-22 18:52:38.558 [info] ExtensionService#_doActivateExtension ms-python.python, startup: false, activationEvent: 'onLanguage:python', root cause: ms-python.debugpy
2025-10-22 18:52:39.314 [info] ExtensionService#_doActivateExtension ms-python.vscode-pylance, startup: false, activationEvent: 'onLanguage:python'
2025-10-22 18:52:44.758 [info] ExtensionService#_doActivateExtension ms-python.debugpy, startup: false, activationEvent: 'onLanguage:python'
2025-10-22 18:52:53.042 [warning] DiagnosticCollection with name 'pylance' does already exist.
2025-10-22 18:52:59.446 [warning] DiagnosticCollection with name 'pylance' does already exist.
2025-10-22 18:52:59.755 [warning] DiagnosticCollection with name 'pylance' does already exist.
2025-10-22 18:53:05.454 [info] ExtensionService#_doActivateExtension vscode.json-language-features, startup: false, activationEvent: 'onCommand:json.validate'
2025-10-22 18:53:09.328 [error] Error: illegal state - object is disposed
	at K3.j (file:///usr/share/code/resources/app/out/vs/workbench/api/node/extensionHostProcess.js:142:100686)
	at K3.delete (file:///usr/share/code/resources/app/out/vs/workbench/api/node/extensionHostProcess.js:142:100204)
	at W.forgetDocument (/home/jcsm/.vscode/extensions/ms-python.vscode-pylance-2025.8.3/dist/vendor.bundle.js:2:7992156)
	at h.cleanUpDocument (/home/jcsm/.vscode/extensions/ms-python.vscode-pylance-2025.8.3/dist/vendor.bundle.js:2:8002356)
	at od.value (/home/jcsm/.vscode/extensions/ms-python.vscode-pylance-2025.8.3/dist/vendor.bundle.js:2:8001656)
	at $.C (file:///usr/share/code/resources/app/out/vs/workbench/api/node/extensionHostProcess.js:27:2373)
	at $.D (file:///usr/share/code/resources/app/out/vs/workbench/api/node/extensionHostProcess.js:27:2443)
	at $.fire (file:///usr/share/code/resources/app/out/vs/workbench/api/node/extensionHostProcess.js:27:2660)
	at od.I [as value] (/home/jcsm/.vscode/extensions/ms-python.vscode-pylance-2025.8.3/dist/vendor.bundle.js:2:1041034)
	at $.C (file:///usr/share/code/resources/app/out/vs/workbench/api/node/extensionHostProcess.js:27:2373)
	at $.fire (file:///usr/share/code/resources/app/out/vs/workbench/api/node/extensionHostProcess.js:27:2591)
	at Ky.$acceptTabOperation (file:///usr/share/code/resources/app/out/vs/workbench/api/node/extensionHostProcess.js:123:25037)
	at U4.S (file:///usr/share/code/resources/app/out/vs/workbench/api/node/extensionHostProcess.js:29:120964)
	at U4.Q (file:///usr/share/code/resources/app/out/vs/workbench/api/node/extensionHostProcess.js:29:120744)
	at U4.M (file:///usr/share/code/resources/app/out/vs/workbench/api/node/extensionHostProcess.js:29:119833)
	at U4.L (file:///usr/share/code/resources/app/out/vs/workbench/api/node/extensionHostProcess.js:29:118938)
	at od.value (file:///usr/share/code/resources/app/out/vs/workbench/api/node/extensionHostProcess.js:29:117735)
	at $.C (file:///usr/share/code/resources/app/out/vs/workbench/api/node/extensionHostProcess.js:27:2373)
	at $.fire (file:///usr/share/code/resources/app/out/vs/workbench/api/node/extensionHostProcess.js:27:2591)
	at Ao.fire (file:///usr/share/code/resources/app/out/vs/workbench/api/node/extensionHostProcess.js:29:9458)
	at od.value (file:///usr/share/code/resources/app/out/vs/workbench/api/node/extensionHostProcess.js:393:8616)
	at $.C (file:///usr/share/code/resources/app/out/vs/workbench/api/node/extensionHostProcess.js:27:2373)
	at $.fire (file:///usr/share/code/resources/app/out/vs/workbench/api/node/extensionHostProcess.js:27:2591)
	at Ao.fire (file:///usr/share/code/resources/app/out/vs/workbench/api/node/extensionHostProcess.js:29:9458)
	at MessagePortMain.<anonymous> (file:///usr/share/code/resources/app/out/vs/workbench/api/node/extensionHostProcess.js:393:6908)
	at MessagePortMain.emit (node:events:519:28)
	at MessagePortMain._internalPort.emit (node:electron/js2c/utility_init:2:2949)
2025-10-22 18:53:09.346 [error] Error: illegal state - object is disposed
	at K3.j (file:///usr/share/code/resources/app/out/vs/workbench/api/node/extensionHostProcess.js:142:100686)
	at K3.delete (file:///usr/share/code/resources/app/out/vs/workbench/api/node/extensionHostProcess.js:142:100204)
	at W.forgetDocument (/home/jcsm/.vscode/extensions/ms-python.vscode-pylance-2025.8.3/dist/vendor.bundle.js:2:7992156)
	at h.cleanUpDocument (/home/jcsm/.vscode/extensions/ms-python.vscode-pylance-2025.8.3/dist/vendor.bundle.js:2:8002356)
	at od.value (/home/jcsm/.vscode/extensions/ms-python.vscode-pylance-2025.8.3/dist/vendor.bundle.js:2:8001656)
	at $.C (file:///usr/share/code/resources/app/out/vs/workbench/api/node/extensionHostProcess.js:27:2373)
	at $.D (file:///usr/share/code/resources/app/out/vs/workbench/api/node/extensionHostProcess.js:27:2443)
	at $.fire (file:///usr/share/code/resources/app/out/vs/workbench/api/node/extensionHostProcess.js:27:2660)
	at od.I [as value] (/home/jcsm/.vscode/extensions/ms-python.vscode-pylance-2025.8.3/dist/vendor.bundle.js:2:1041034)
	at $.C (file:///usr/share/code/resources/app/out/vs/workbench/api/node/extensionHostProcess.js:27:2373)
	at $.fire (file:///usr/share/code/resources/app/out/vs/workbench/api/node/extensionHostProcess.js:27:2591)
	at Ky.$acceptTabOperation (file:///usr/share/code/resources/app/out/vs/workbench/api/node/extensionHostProcess.js:123:25037)
	at U4.S (file:///usr/share/code/resources/app/out/vs/workbench/api/node/extensionHostProcess.js:29:120964)
	at U4.Q (file:///usr/share/code/resources/app/out/vs/workbench/api/node/extensionHostProcess.js:29:120744)
	at U4.M (file:///usr/share/code/resources/app/out/vs/workbench/api/node/extensionHostProcess.js:29:119833)
	at U4.L (file:///usr/share/code/resources/app/out/vs/workbench/api/node/extensionHostProcess.js:29:118938)
	at od.value (file:///usr/share/code/resources/app/out/vs/workbench/api/node/extensionHostProcess.js:29:117735)
	at $.C (file:///usr/share/code/resources/app/out/vs/workbench/api/node/extensionHostProcess.js:27:2373)
	at $.fire (file:///usr/share/code/resources/app/out/vs/workbench/api/node/extensionHostProcess.js:27:2591)
	at Ao.fire (file:///usr/share/code/resources/app/out/vs/workbench/api/node/extensionHostProcess.js:29:9458)
	at od.value (file:///usr/share/code/resources/app/out/vs/workbench/api/node/extensionHostProcess.js:393:8616)
	at $.C (file:///usr/share/code/resources/app/out/vs/workbench/api/node/extensionHostProcess.js:27:2373)
	at $.fire (file:///usr/share/code/resources/app/out/vs/workbench/api/node/extensionHostProcess.js:27:2591)
	at Ao.fire (file:///usr/share/code/resources/app/out/vs/workbench/api/node/extensionHostProcess.js:29:9458)
	at MessagePortMain.<anonymous> (file:///usr/share/code/resources/app/out/vs/workbench/api/node/extensionHostProcess.js:393:6908)
	at MessagePortMain.emit (node:events:519:28)
	at MessagePortMain._internalPort.emit (node:electron/js2c/utility_init:2:2949)
2025-10-22 18:53:09.347 [error] Error: illegal state - object is disposed
	at K3.j (file:///usr/share/code/resources/app/out/vs/workbench/api/node/extensionHostProcess.js:142:100686)
	at K3.delete (file:///usr/share/code/resources/app/out/vs/workbench/api/node/extensionHostProcess.js:142:100204)
	at W.forgetDocument (/home/jcsm/.vscode/extensions/ms-python.vscode-pylance-2025.8.3/dist/vendor.bundle.js:2:7992156)
	at h.cleanUpDocument (/home/jcsm/.vscode/extensions/ms-python.vscode-pylance-2025.8.3/dist/vendor.bundle.js:2:8002356)
	at od.value (/home/jcsm/.vscode/extensions/ms-python.vscode-pylance-2025.8.3/dist/vendor.bundle.js:2:8001656)
	at $.C (file:///usr/share/code/resources/app/out/vs/workbench/api/node/extensionHostProcess.js:27:2373)
	at $.D (file:///usr/share/code/resources/app/out/vs/workbench/api/node/extensionHostProcess.js:27:2443)
	at $.fire (file:///usr/share/code/resources/app/out/vs/workbench/api/node/extensionHostProcess.js:27:2660)
	at od.I [as value] (/home/jcsm/.vscode/extensions/ms-python.vscode-pylance-2025.8.3/dist/vendor.bundle.js:2:1041034)
	at $.C (file:///usr/share/code/resources/app/out/vs/workbench/api/node/extensionHostProcess.js:27:2373)
	at $.fire (file:///usr/share/code/resources/app/out/vs/workbench/api/node/extensionHostProcess.js:27:2591)
	at Ky.$acceptTabOperation (file:///usr/share/code/resources/app/out/vs/workbench/api/node/extensionHostProcess.js:123:25037)
	at U4.S (file:///usr/share/code/resources/app/out/vs/workbench/api/node/extensionHostProcess.js:29:120964)
	at U4.Q (file:///usr/share/code/resources/app/out/vs/workbench/api/node/extensionHostProcess.js:29:120744)
	at U4.M (file:///usr/share/code/resources/app/out/vs/workbench/api/node/extensionHostProcess.js:29:119833)
	at U4.L (file:///usr/share/code/resources/app/out/vs/workbench/api/node/extensionHostProcess.js:29:118938)
	at od.value (file:///usr/share/code/resources/app/out/vs/workbench/api/node/extensionHostProcess.js:29:117735)
	at $.C (file:///usr/share/code/resources/app/out/vs/workbench/api/node/extensionHostProcess.js:27:2373)
	at $.fire (file:///usr/share/code/resources/app/out/vs/workbench/api/node/extensionHostProcess.js:27:2591)
	at Ao.fire (file:///usr/share/code/resources/app/out/vs/workbench/api/node/extensionHostProcess.js:29:9458)
	at od.value (file:///usr/share/code/resources/app/out/vs/workbench/api/node/extensionHostProcess.js:393:8616)
	at $.C (file:///usr/share/code/resources/app/out/vs/workbench/api/node/extensionHostProcess.js:27:2373)
	at $.fire (file:///usr/share/code/resources/app/out/vs/workbench/api/node/extensionHostProcess.js:27:2591)
	at Ao.fire (file:///usr/share/code/resources/app/out/vs/workbench/api/node/extensionHostProcess.js:29:9458)
	at MessagePortMain.<anonymous> (file:///usr/share/code/resources/app/out/vs/workbench/api/node/extensionHostProcess.js:393:6908)
	at MessagePortMain.emit (node:events:519:28)
	at MessagePortMain._internalPort.emit (node:electron/js2c/utility_init:2:2949)
2025-10-22 18:58:08.102 [error] TypeError: terminated
	at Fetch.onAborted (/usr/share/code/resources/app/node_modules/undici/lib/web/fetch/index.js:2042:49)
	at Fetch.emit (node:events:519:28)
	at Fetch.terminate (/usr/share/code/resources/app/node_modules/undici/lib/web/fetch/index.js:92:10)
	at Object.onError (/usr/share/code/resources/app/node_modules/undici/lib/web/fetch/index.js:2223:34)
	at Request.onError (node:internal/deps/undici/undici:2094:31)
	at Object.errorRequest (node:internal/deps/undici/undici:1591:17)
	at Socket.<anonymous> (node:internal/deps/undici/undici:6319:16)
	at Socket.emit (node:events:531:35)
	at TCP.<anonymous> (node:net:346:12)
2025-10-22 19:03:10.170 [error] TypeError: terminated
	at Fetch.onAborted (/usr/share/code/resources/app/node_modules/undici/lib/web/fetch/index.js:2042:49)
	at Fetch.emit (node:events:519:28)
	at Fetch.terminate (/usr/share/code/resources/app/node_modules/undici/lib/web/fetch/index.js:92:10)
	at Object.onError (/usr/share/code/resources/app/node_modules/undici/lib/web/fetch/index.js:2223:34)
	at Request.onError (node:internal/deps/undici/undici:2094:31)
	at Object.errorRequest (node:internal/deps/undici/undici:1591:17)
	at Socket.<anonymous> (node:internal/deps/undici/undici:6319:16)
	at Socket.emit (node:events:531:35)
	at TCP.<anonymous> (node:net:346:12)
2025-10-22 19:03:19.121 [warning] [Decorations] CAPPING events from decorations provider vscode.git 10000
2025-10-22 19:03:21.699 [warning] [Decorations] CAPPING events from decorations provider vscode.git 10000
