2025-10-22 18:51:57.048 [info] Getting Manifest... ms-python.python
2025-10-22 18:51:57.123 [info] Installing extension: ms-python.python {"isMachineScoped":false,"profileLocation":{"$mid":1,"external":"vscode-userdata:/home/jcsm/.vscode/extensions/extensions.json","path":"/home/jcsm/.vscode/extensions/extensions.json","scheme":"vscode-userdata"},"isApplicationScoped":false,"productVersion":{"version":"1.105.1","date":"2025-10-14T22:33:36.618Z"}}
2025-10-22 18:51:57.796 [info] Getting Manifest... ms-python.debugpy
2025-10-22 18:51:57.820 [info] Getting Manifest... ms-python.vscode-python-envs
2025-10-22 18:51:57.842 [info] Getting Manifest... ms-python.vscode-pylance
2025-10-22 18:51:57.895 [info] Installing extension: ms-python.debugpy {"isMachineScoped":false,"profileLocation":{"$mid":1,"external":"vscode-userdata:/home/jcsm/.vscode/extensions/extensions.json","path":"/home/jcsm/.vscode/extensions/extensions.json","scheme":"vscode-userdata"},"isApplicationScoped":false,"productVersion":{"version":"1.105.1","date":"2025-10-14T22:33:36.618Z"},"pinned":false,"installGivenVersion":false,"context":{"dependecyOrPackExtensionInstall":true}}
2025-10-22 18:51:57.898 [info] Installing extension: ms-python.vscode-python-envs {"isMachineScoped":false,"profileLocation":{"$mid":1,"external":"vscode-userdata:/home/jcsm/.vscode/extensions/extensions.json","path":"/home/jcsm/.vscode/extensions/extensions.json","scheme":"vscode-userdata"},"isApplicationScoped":false,"productVersion":{"version":"1.105.1","date":"2025-10-14T22:33:36.618Z"},"pinned":false,"installGivenVersion":false,"context":{"dependecyOrPackExtensionInstall":true}}
2025-10-22 18:51:57.899 [info] Installing extension: ms-python.vscode-pylance {"isMachineScoped":false,"profileLocation":{"$mid":1,"external":"vscode-userdata:/home/jcsm/.vscode/extensions/extensions.json","path":"/home/jcsm/.vscode/extensions/extensions.json","scheme":"vscode-userdata"},"isApplicationScoped":false,"productVersion":{"version":"1.105.1","date":"2025-10-14T22:33:36.618Z"},"pinned":false,"installGivenVersion":false,"context":{"dependecyOrPackExtensionInstall":true}}
2025-10-22 18:52:09.197 [info] Extension signature verification result for ms-python.vscode-python-envs: Success. Internal Code: 0. Executed: true. Duration: 8993ms.
2025-10-22 18:52:09.717 [info] Extension signature verification result for ms-python.debugpy: Success. Internal Code: 0. Executed: true. Duration: 8307ms.
2025-10-22 18:52:09.927 [info] Extension signature verification result for ms-python.python: Success. Internal Code: 0. Executed: true. Duration: 8486ms.
2025-10-22 18:52:11.799 [info] Extracted extension to file:///home/jcsm/.vscode/extensions/ms-python.vscode-python-envs-1.10.0-linux-x64: ms-python.vscode-python-envs
2025-10-22 18:52:11.859 [info] Renamed to /home/jcsm/.vscode/extensions/ms-python.vscode-python-envs-1.10.0-linux-x64
2025-10-22 18:52:14.731 [info] Extracted extension to file:///home/jcsm/.vscode/extensions/ms-python.debugpy-2025.14.1-linux-x64: ms-python.debugpy
2025-10-22 18:52:14.881 [info] Renamed to /home/jcsm/.vscode/extensions/ms-python.debugpy-2025.14.1-linux-x64
2025-10-22 18:52:19.644 [info] Extension signature verification result for ms-python.vscode-pylance: Success. Internal Code: 0. Executed: true. Duration: 6183ms.
2025-10-22 18:52:21.452 [info] Extracted extension to file:///home/jcsm/.vscode/extensions/ms-python.python-2025.16.0-linux-x64: ms-python.python
2025-10-22 18:52:21.700 [info] Renamed to /home/jcsm/.vscode/extensions/ms-python.python-2025.16.0-linux-x64
2025-10-22 18:52:36.322 [info] Extracted extension to file:///home/jcsm/.vscode/extensions/ms-python.vscode-pylance-2025.8.3: ms-python.vscode-pylance
2025-10-22 18:52:36.866 [info] Renamed to /home/jcsm/.vscode/extensions/ms-python.vscode-pylance-2025.8.3
2025-10-22 18:52:36.928 [info] Extension installed successfully: ms-python.vscode-python-envs vscode-userdata:/home/jcsm/.vscode/extensions/extensions.json
2025-10-22 18:52:36.933 [info] Extension installed successfully: ms-python.debugpy vscode-userdata:/home/jcsm/.vscode/extensions/extensions.json
2025-10-22 18:52:36.933 [info] Extension installed successfully: ms-python.python vscode-userdata:/home/jcsm/.vscode/extensions/extensions.json
2025-10-22 18:52:36.933 [info] Extension installed successfully: ms-python.vscode-pylance vscode-userdata:/home/jcsm/.vscode/extensions/extensions.json
