2025-10-22 18:46:52.457 [info] Extension host with pid 3843 started
2025-10-22 18:46:53.214 [info] ExtensionService#_doActivateExtension vscode.github-authentication, startup: false, activationEvent: 'onAuthenticationRequest:github'
2025-10-22 18:46:53.510 [info] ExtensionService#_doActivateExtension vscode.emmet, startup: false, activationEvent: 'onLanguage'
2025-10-22 18:46:54.075 [info] ExtensionService#_doActivateExtension vscode.git-base, startup: true, activationEvent: '*'
2025-10-22 18:46:54.196 [info] ExtensionService#_doActivateExtension vscode.github, startup: true, activationEvent: '*'
2025-10-22 18:46:54.872 [info] Eager extensions activated
2025-10-22 18:46:54.919 [info] ExtensionService#_doActivateExtension vscode.debug-auto-launch, startup: false, activationEvent: 'onStartupFinished'
2025-10-22 18:46:54.936 [info] ExtensionService#_doActivateExtension vscode.merge-conflict, startup: false, activationEvent: 'onStartupFinished'
2025-10-22 19:00:00.747 [info] ExtensionService#_doActivateExtension ms-python.vscode-pylance, startup: false, activationEvent: 'onLanguage:python'
2025-10-22 19:00:06.681 [warning] DiagnosticCollection with name 'pylance' does already exist.
2025-10-22 19:00:07.135 [warning] DiagnosticCollection with name 'pylance' does already exist.
2025-10-22 19:00:11.833 [error] Error: illegal state - object is disposed
	at K3.j (file:///usr/share/code/resources/app/out/vs/workbench/api/node/extensionHostProcess.js:142:100686)
	at K3.delete (file:///usr/share/code/resources/app/out/vs/workbench/api/node/extensionHostProcess.js:142:100204)
	at W.forgetDocument (/home/jcsm/.vscode/extensions/ms-python.vscode-pylance-2025.8.3/dist/vendor.bundle.js:2:7992156)
	at h.cleanUpDocument (/home/jcsm/.vscode/extensions/ms-python.vscode-pylance-2025.8.3/dist/vendor.bundle.js:2:8002356)
	at od.value (/home/jcsm/.vscode/extensions/ms-python.vscode-pylance-2025.8.3/dist/vendor.bundle.js:2:8001656)
	at $.C (file:///usr/share/code/resources/app/out/vs/workbench/api/node/extensionHostProcess.js:27:2373)
	at $.D (file:///usr/share/code/resources/app/out/vs/workbench/api/node/extensionHostProcess.js:27:2443)
	at $.fire (file:///usr/share/code/resources/app/out/vs/workbench/api/node/extensionHostProcess.js:27:2660)
	at od.I [as value] (/home/jcsm/.vscode/extensions/ms-python.vscode-pylance-2025.8.3/dist/vendor.bundle.js:2:1041034)
	at $.C (file:///usr/share/code/resources/app/out/vs/workbench/api/node/extensionHostProcess.js:27:2373)
	at $.fire (file:///usr/share/code/resources/app/out/vs/workbench/api/node/extensionHostProcess.js:27:2591)
	at Ky.$acceptTabOperation (file:///usr/share/code/resources/app/out/vs/workbench/api/node/extensionHostProcess.js:123:25037)
	at U4.S (file:///usr/share/code/resources/app/out/vs/workbench/api/node/extensionHostProcess.js:29:120964)
	at U4.Q (file:///usr/share/code/resources/app/out/vs/workbench/api/node/extensionHostProcess.js:29:120744)
	at U4.M (file:///usr/share/code/resources/app/out/vs/workbench/api/node/extensionHostProcess.js:29:119833)
	at U4.L (file:///usr/share/code/resources/app/out/vs/workbench/api/node/extensionHostProcess.js:29:118938)
	at od.value (file:///usr/share/code/resources/app/out/vs/workbench/api/node/extensionHostProcess.js:29:117735)
	at $.C (file:///usr/share/code/resources/app/out/vs/workbench/api/node/extensionHostProcess.js:27:2373)
	at $.fire (file:///usr/share/code/resources/app/out/vs/workbench/api/node/extensionHostProcess.js:27:2591)
	at Ao.fire (file:///usr/share/code/resources/app/out/vs/workbench/api/node/extensionHostProcess.js:29:9458)
	at od.value (file:///usr/share/code/resources/app/out/vs/workbench/api/node/extensionHostProcess.js:393:8616)
	at $.C (file:///usr/share/code/resources/app/out/vs/workbench/api/node/extensionHostProcess.js:27:2373)
	at $.fire (file:///usr/share/code/resources/app/out/vs/workbench/api/node/extensionHostProcess.js:27:2591)
	at Ao.fire (file:///usr/share/code/resources/app/out/vs/workbench/api/node/extensionHostProcess.js:29:9458)
	at MessagePortMain.<anonymous> (file:///usr/share/code/resources/app/out/vs/workbench/api/node/extensionHostProcess.js:393:6908)
	at MessagePortMain.emit (node:events:519:28)
	at MessagePortMain._internalPort.emit (node:electron/js2c/utility_init:2:2949)
2025-10-22 19:00:11.844 [error] Error: illegal state - object is disposed
	at K3.j (file:///usr/share/code/resources/app/out/vs/workbench/api/node/extensionHostProcess.js:142:100686)
	at K3.delete (file:///usr/share/code/resources/app/out/vs/workbench/api/node/extensionHostProcess.js:142:100204)
	at W.forgetDocument (/home/jcsm/.vscode/extensions/ms-python.vscode-pylance-2025.8.3/dist/vendor.bundle.js:2:7992156)
	at h.cleanUpDocument (/home/jcsm/.vscode/extensions/ms-python.vscode-pylance-2025.8.3/dist/vendor.bundle.js:2:8002356)
	at od.value (/home/jcsm/.vscode/extensions/ms-python.vscode-pylance-2025.8.3/dist/vendor.bundle.js:2:8001656)
	at $.C (file:///usr/share/code/resources/app/out/vs/workbench/api/node/extensionHostProcess.js:27:2373)
	at $.D (file:///usr/share/code/resources/app/out/vs/workbench/api/node/extensionHostProcess.js:27:2443)
	at $.fire (file:///usr/share/code/resources/app/out/vs/workbench/api/node/extensionHostProcess.js:27:2660)
	at od.I [as value] (/home/jcsm/.vscode/extensions/ms-python.vscode-pylance-2025.8.3/dist/vendor.bundle.js:2:1041034)
	at $.C (file:///usr/share/code/resources/app/out/vs/workbench/api/node/extensionHostProcess.js:27:2373)
	at $.fire (file:///usr/share/code/resources/app/out/vs/workbench/api/node/extensionHostProcess.js:27:2591)
	at Ky.$acceptTabOperation (file:///usr/share/code/resources/app/out/vs/workbench/api/node/extensionHostProcess.js:123:25037)
	at U4.S (file:///usr/share/code/resources/app/out/vs/workbench/api/node/extensionHostProcess.js:29:120964)
	at U4.Q (file:///usr/share/code/resources/app/out/vs/workbench/api/node/extensionHostProcess.js:29:120744)
	at U4.M (file:///usr/share/code/resources/app/out/vs/workbench/api/node/extensionHostProcess.js:29:119833)
	at U4.L (file:///usr/share/code/resources/app/out/vs/workbench/api/node/extensionHostProcess.js:29:118938)
	at od.value (file:///usr/share/code/resources/app/out/vs/workbench/api/node/extensionHostProcess.js:29:117735)
	at $.C (file:///usr/share/code/resources/app/out/vs/workbench/api/node/extensionHostProcess.js:27:2373)
	at $.fire (file:///usr/share/code/resources/app/out/vs/workbench/api/node/extensionHostProcess.js:27:2591)
	at Ao.fire (file:///usr/share/code/resources/app/out/vs/workbench/api/node/extensionHostProcess.js:29:9458)
	at od.value (file:///usr/share/code/resources/app/out/vs/workbench/api/node/extensionHostProcess.js:393:8616)
	at $.C (file:///usr/share/code/resources/app/out/vs/workbench/api/node/extensionHostProcess.js:27:2373)
	at $.fire (file:///usr/share/code/resources/app/out/vs/workbench/api/node/extensionHostProcess.js:27:2591)
	at Ao.fire (file:///usr/share/code/resources/app/out/vs/workbench/api/node/extensionHostProcess.js:29:9458)
	at MessagePortMain.<anonymous> (file:///usr/share/code/resources/app/out/vs/workbench/api/node/extensionHostProcess.js:393:6908)
	at MessagePortMain.emit (node:events:519:28)
	at MessagePortMain._internalPort.emit (node:electron/js2c/utility_init:2:2949)
